// Jest Snapshot v1, https://goo.gl/fbAQLP

exports[`EducationForm form It should match snapshot 1`] = `
<div
  className="form_body"
>
  <div
    className="flexie collapsed-section row"
  >
    <div
      className="left-section"
    >
      <h3>
        ASD
      </h3>
      <div
        className="lower-row"
      >
        <span
          className="blue"
        >
          asdasd
           | 
          dsa
        </span>
        <span>
          2020-09-10
           -
           
          2020-09-11
        </span>
      </div>
    </div>
    <div
      className="toggle-up-arrow"
      onClick={[Function]}
    >
      <img
        alt="up-arrow"
        className="hide-on-hover"
        src="arrow-down.png"
      />
      <img
        alt="up-arrow-active"
        className="display-on-hover"
        src="arrow-down-active.png"
      />
    </div>
  </div>
</div>
`;
