// Jest Snapshot v1, https://goo.gl/fbAQLP

exports[`renders App 1`] = `
<div
  className="App"
>
  <div>
    Loading...
  </div>
  <br />
  <br />
  <br />
  <p>
    Below is the example Bootstrap Component Wrapper
  </p>
  <button
    className="btn btn-primary"
    disabled={false}
    type="button"
  >
    Primary
  </button>
   
  <button
    className="btn btn-secondary"
    disabled={false}
    type="button"
  >
    Secondary
  </button>
   
  <button
    className="btn btn-success"
    disabled={false}
    type="button"
  >
    Success
  </button>
   
  <button
    className="btn btn-warning"
    disabled={false}
    type="button"
  >
    Warning
  </button>
   
  <button
    className="btn btn-danger"
    disabled={false}
    type="button"
  >
    Danger
  </button>
  <button
    className="btn btn-info"
    disabled={false}
    type="button"
  >
    Info
  </button>
   
  <button
    className="btn btn-light"
    disabled={false}
    type="button"
  >
    Light
  </button>
  <button
    className="btn btn-dark"
    disabled={false}
    type="button"
  >
    Dark
  </button>
   
  <button
    className="btn btn-link"
    disabled={false}
    type="button"
  >
    Link
  </button>
  <br />
  <br />
  <br />
  <p>
    Below is the example code with Redux and Hooks
  </p>
  <div>
    <div
      className="row"
    >
      <button
        aria-label="Increment value"
        className="button"
        onClick={[Function]}
      >
        +
      </button>
      <span
        className="value"
      >
        0
      </span>
      <button
        aria-label="Decrement value"
        className="button"
        onClick={[Function]}
      >
        -
      </button>
    </div>
    <div
      className="row"
    >
      <input
        aria-label="Set increment amount"
        className="textbox"
        onChange={[Function]}
        value="2"
      />
      <button
        className="button"
        onClick={[Function]}
      >
        Add Amount
      </button>
      <button
        className="asyncButton"
        onClick={[Function]}
      >
        Add Async
      </button>
    </div>
  </div>
</div>
`;
