// Jest Snapshot v1, https://goo.gl/fbAQLP

exports[`Hub renders Hub 1`] = `
<div
  className="container"
>
  <div
    className="header"
  >
    <a
      className="action btn btn-link"
      disabled={false}
      href="/new"
      onClick={[Function]}
    />
  </div>
  <div
    className="grid"
  >
    <div
      className="itemContainer"
    >
      <div
        className="itemContent"
      >
        <div
          className="right"
        >
          <div
            className="aliasContainer"
          >
            <input
              className="name"
              onBlur={[Function]}
              onChange={[Function]}
              onClick={[Function]}
              value=""
            />
            <div
              className="edit"
            >
              <img
                alt="edit"
                src="edit.svg"
              />
            </div>
          </div>
          <div
            className="time"
          >
            2018–01–30T12:34:56+00:00
          </div>
          <div
            className="links"
          >
            <a
              className="link btn btn-link"
              disabled={false}
              href="/resume/4028b401755f29230175614025980000"
              onClick={[Function]}
            >
              <svg
                className="svg"
              >
                edit.svg
              </svg>
            </a>
            <button
              className="link btn btn-link"
              disabled={false}
              onClick={[Function]}
              type="button"
            >
              <svg
                className="svg"
              >
                download.svg
              </svg>
            </button>
          </div>
          <button
            className="delete btn btn-link"
            disabled={false}
            onClick={[Function]}
            type="button"
          >
            <svg
              className="svg"
            >
              delete.svg
            </svg>
             
          </button>
        </div>
      </div>
      <a
        className="matchingBtn btn btn-primary"
        disabled={false}
        href="/jobs?resume=4028b401755f29230175614025980000"
        onClick={[Function]}
      />
    </div>
    <div
      className="itemContainer"
    >
      <div
        className="itemContent"
      >
        <div
          className="right"
        >
          <div
            className="aliasContainer"
          >
            <input
              className="name"
              onBlur={[Function]}
              onChange={[Function]}
              onClick={[Function]}
              value=""
            />
            <div
              className="edit"
            >
              <img
                alt="edit"
                src="edit.svg"
              />
            </div>
          </div>
          <div
            className="time"
          >
            2018–01–30T12:34:56+00:00
          </div>
          <div
            className="links"
          >
            <a
              className="link btn btn-link"
              disabled={false}
              href="/resume/4028b401755f292301756311ef930004"
              onClick={[Function]}
            >
              <svg
                className="svg"
              >
                edit.svg
              </svg>
            </a>
            <button
              className="link btn btn-link"
              disabled={false}
              onClick={[Function]}
              type="button"
            >
              <svg
                className="svg"
              >
                download.svg
              </svg>
            </button>
          </div>
          <button
            className="delete btn btn-link"
            disabled={false}
            onClick={[Function]}
            type="button"
          >
            <svg
              className="svg"
            >
              delete.svg
            </svg>
             
          </button>
        </div>
      </div>
      <a
        className="matchingBtn btn btn-primary"
        disabled={false}
        href="/jobs?resume=4028b401755f292301756311ef930004"
        onClick={[Function]}
      />
    </div>
  </div>
</div>
`;
