// Jest Snapshot v1, https://goo.gl/fbAQLP

exports[`renders JobsMatcher 1`] = `
<div
  className="features job-matcher"
>
  <form
    className="container"
  >
    <div
      className="row"
    >
      <div
        className="col-lg-6"
      >
        <div
          className="form_item form-group"
        >
          <label
            className="form-label"
            htmlFor="searchQuery"
          >
            工作岗位搜索
          </label>
          <div
            className="input-group"
          >
            <input
              className="form-control"
              id="searchQuery"
              input="text"
              onChange={[Function]}
              placeholder="输入职位或公司"
              value=""
            />
            <div
              className="input-group-append"
            >
              <button
                className="search-button btn btn-primary"
                disabled={false}
                onClick={[Function]}
                type="button"
              >
                搜索
              </button>
            </div>
          </div>
        </div>
      </div>
      <div
        className="col-lg-2"
      >
        <div
          className="form_item form-group"
        >
          <label
            className="form-label"
            htmlFor="searchCountry"
          >
            国家
          </label>
          <input
            className="form-control"
            id="searchCountry"
            onChange={[Function]}
            placeholder="国家"
            type="text"
            value=""
          />
        </div>
      </div>
      <div
        className="col-lg-2"
      >
        <div
          className="form_item form-group"
        >
          <label
            className="form-label"
            htmlFor="searchCity"
          >
            城市
          </label>
          <input
            className="form-control"
            id="searchCity"
            onChange={[Function]}
            placeholder="城市"
            type="text"
            value=""
          />
        </div>
      </div>
    </div>
  </form>
  <div
    className="container"
  >
    <div
      className="container-list"
    >
      <span
        className="list-summary"
      >
        找到0份和您所填经历匹配的工作
      </span>
      <ul
        className="pagination"
      />
    </div>
    <div
      className="container-details"
    />
  </div>
</div>
`;
