// Jest Snapshot v1, https://goo.gl/fbAQLP

exports[`Resume Preview Snapshot test Snapshot with no data match 1`] = `
<div
  className="container"
>
  <div
    className="previewWrapper"
    id="displayPDF"
  >
    
  </div>
  <div
    className="widgetContainer"
    id="widgetsContainer"
  >
    <div>
      <button
        className="whiteBtn"
        onClick={[Function]}
      >
        编辑主题色
         
        <span
          className="colorSquare"
          style={
            Object {
              "backgroundColor": "#3e89ec",
            }
          }
        />
      </button>
      <div
        className=" toggle-container active"
        style={
          Object {
            "position": "relative",
          }
        }
      >
        <div
          className="language-option active"
          onClick={[Function]}
        >
          中文
        </div>
        <div
          className="language-option false"
          onClick={[Function]}
        >
          EN
        </div>
      </div>
      <button
        onClick={[Function]}
      >
        一键整页
      </button>
      <button
        onClick={[Function]}
      >
        <img
          alt="download"
          src="download_white.svg"
        />
         
        下载简历
      </button>
      <button
        className="circle"
        onClick={[Function]}
      >
        ?
      </button>
    </div>
  </div>
</div>
`;
